// Jest Snapshot v1, https://goo.gl/fbAQLP

exports[`<MileageSorter /> should render the component and matches it against stored snapshot 1`] = `
<DocumentFragment>
  <div
    class="MuiFormControl-root makeStyles-formControl-1"
    data-testid="MileageSorter"
  >
    <label
      class="MuiFormLabel-root MuiInputLabel-root MuiInputLabel-formControl MuiInputLabel-animated MuiInputLabel-shrink"
      data-shrink="true"
      id="MileageSorterLabel"
    >
      Sort by
    </label>
    <div
      class="MuiInputBase-root MuiInput-root MuiInput-underline makeStyles-selectEmpty-2 MuiInputBase-formControl MuiInput-formControl"
    >
      <div
        aria-haspopup="listbox"
        aria-labelledby="MileageSorterLabel MileageSorterLabelSelect"
        class="MuiSelect-root MuiSelect-select MuiSelect-selectMenu MuiInputBase-input MuiInput-input"
        id="MileageSorterLabelSelect"
        role="button"
        tabindex="0"
      >
        <em>
          None
        </em>
      </div>
      <input
        type="hidden"
        value=""
      />
      <svg
        aria-hidden="true"
        class="MuiSvgIcon-root MuiSelect-icon"
        focusable="false"
        viewBox="0 0 24 24"
      >
        <path
          d="M7 10l5 5 5-5z"
        />
      </svg>
    </div>
  </div>
</DocumentFragment>
`;
