// Jest Snapshot v1, https://goo.gl/fbAQLP

exports[`<CarsLoader /> should render the component and matches it against stored snapshot 1`] = `
<DocumentFragment>
  <section
    class="MuiContainer-root makeStyles-root-1 MuiContainer-maxWidthLg"
    data-testid="CarsLoader"
  >
    <div
      class="MuiGrid-root MuiGrid-container MuiGrid-spacing-xs-2"
    >
      <div
        class="MuiGrid-root MuiGrid-item MuiGrid-grid-xs-4"
      >
        <span
          class="MuiSkeleton-root MuiSkeleton-rect MuiSkeleton-pulse"
          style="height: 200px;"
        />
      </div>
      <div
        class="MuiGrid-root MuiGrid-item MuiGrid-grid-xs-8"
      >
        <span
          class="MuiSkeleton-root MuiSkeleton-rect MuiSkeleton-pulse"
          style="height: 400px;"
        />
      </div>
    </div>
  </section>
</DocumentFragment>
`;
