// Jest Snapshot v1, https://goo.gl/fbAQLP

exports[`<AppLogo /> should render the component and matches it against stored snapshot 1`] = `
<DocumentFragment>
  <div
    class="MuiCardMedia-root makeStyles-root-1"
    data-testid="AppLogo"
    style="background-image: url(logo.png);"
    title="AppLogo"
  />
</DocumentFragment>
`;
