// Jest Snapshot v1, https://goo.gl/fbAQLP

exports[`<CarCards /> should render the component and matches it against stored snapshot 1`] = `
<DocumentFragment>
  <section
    class="MuiBox-root MuiBox-root-5"
    data-testid="CarCards"
  >
    <section
      class="MuiGrid-root makeStyles-carContainer-3 MuiGrid-container MuiGrid-spacing-xs-2"
      data-testid="CarCard"
    >
      <div
        class="MuiGrid-root MuiGrid-item MuiGrid-grid-xs-12 MuiGrid-grid-md-2"
      >
        <div
          class="MuiBox-root MuiBox-root-109 makeStyles-carImageContainer-1"
        >
          <div
            class="MuiCardMedia-root makeStyles-carImage-2"
            style="background-image: url(image.svg);"
            title="Abcd"
          />
        </div>
      </div>
      <div
        class="MuiGrid-root MuiGrid-item MuiGrid-grid-xs-12 MuiGrid-grid-md-5"
      >
        <h6
          class="MuiTypography-root MuiTypography-h6 MuiTypography-gutterBottom"
        >
          Audi Abcd
        </h6>
        <p
          class="MuiTypography-root MuiTypography-body2 MuiTypography-gutterBottom"
        >
          Stock #1234 - 1234 KM - Petrol - White
        </p>
        <a
          class="MuiTypography-root MuiLink-root MuiLink-underlineHover MuiTypography-body2 MuiTypography-colorTextSecondary"
          href="/details/1234"
        >
          View details
        </a>
      </div>
      <div
        class="MuiGrid-root MuiGrid-item MuiGrid-grid-xs-12 MuiGrid-grid-md-5"
      >
        <section
          class="MuiBox-root MuiBox-root-151 makeStyles-root-149"
          data-testid="ToggleFavoriteCar"
        >
          <p
            class="MuiTypography-root MuiTypography-body2"
          >
            If you like this car, click the button and save it in your collection of favorite items.
          </p>
          <div
            class="MuiBox-root MuiBox-root-152 makeStyles-buttonContainer-150"
          >
            <button
              class="MuiButtonBase-root MuiButton-root MuiButton-contained MuiButton-containedPrimary"
              tabindex="0"
              type="button"
            >
              <span
                class="MuiButton-label"
              >
                Save
              </span>
              <span
                class="MuiTouchRipple-root"
              />
            </button>
          </div>
        </section>
      </div>
    </section>
  </section>
</DocumentFragment>
`;
