// Jest Snapshot v1, https://goo.gl/fbAQLP

exports[`<Footer /> should render the component and matches it against stored snapshot 1`] = `
<DocumentFragment>
  <footer
    class="MuiBox-root MuiBox-root-3 makeStyles-root-1"
    data-testid="Footer"
  >
    <p
      class="MuiTypography-root MuiTypography-body2 MuiTypography-colorTextPrimary MuiTypography-alignCenter"
    >
      Â© 
      <a
        class="MuiTypography-root MuiLink-root MuiLink-underlineHover MuiTypography-colorInherit"
        href="/"
      >
        Cars
      </a>
       2020.
    </p>
  </footer>
</DocumentFragment>
`;
