// Jest Snapshot v1, https://goo.gl/fbAQLP

exports[`<CarDetailsLoader /> should render the component and matches it against stored snapshot 1`] = `
<DocumentFragment>
  <section
    data-testid="CarDetailsLoader"
  >
    Loading...
  </section>
</DocumentFragment>
`;
